Testing the dispatch map

Printing everything:
1:
  9
2:
  -5
  9
3:
  10
  12

Printing everything:
2:
  -5
  9
3:
  10
