Hold the Q key to quit:
You are running in script mode, aborting. Run this test with a parameter (any at all) to test the input loop properly

Bye bye!
