original:  Без вопросов отдаете ему рулет, зная, что позже вы сможете привести с собой своих друзей и тогда он получит по заслугам?
converted: Без вопросов отдаете ему рулет, зная, что позже вы сможете привести с собой своих друзей и тогда он получит по заслугам?
original:  Vous lui donnez le gâteau sans protester avant d’aller chercher tous vos amis et de revenir vous venger.
converted: Vous lui donnez le gâteau sans protester avant d’aller chercher tous vos amis et de revenir vous venger.
