Opening file: textures\tx_natural_cavern_wall13.dds
Size: 43808
